[{"stream_name":"stderr","time":6.793508257,"data":"0.00s - Debugger warning: It seems that frozen modules are being used, which may\n"}
,{"stream_name":"stderr","time":6.793576277,"data":"0.00s - make the debugger miss breakpoints. Please pass -Xfrozen_modules=off\n"}
,{"stream_name":"stderr","time":6.793581563,"data":"0.00s - to python to disable frozen modules.\n"}
,{"stream_name":"stderr","time":6.793584303,"data":"0.00s - Note: Debugging will proceed. Set PYDEVD_DISABLE_FILE_VALIDATION=1 to disable this validation.\n"}
,{"stream_name":"stderr","time":7.456586248,"data":"0.00s - Debugger warning: It seems that frozen modules are being used, which may\n"}
,{"stream_name":"stderr","time":7.456622171,"data":"0.00s - make the debugger miss breakpoints. Please pass -Xfrozen_modules=off\n"}
,{"stream_name":"stderr","time":7.456629358,"data":"0.00s - to python to disable frozen modules.\n"}
,{"stream_name":"stderr","time":7.456634611,"data":"0.00s - Note: Debugging will proceed. Set PYDEVD_DISABLE_FILE_VALIDATION=1 to disable this validation.\n"}
,{"stream_name":"stdout","time":10.117199902,"data":"Field feature_09 has 22 distinct categories:\n"}
,{"stream_name":"stdout","time":10.117254209,"data":"{2, 4, 9, 11, 12, 14, 15, 25, 26, 30, 34, 42, 44, 46, 49, 50, 57, 64, 68, 70, 81, 82}\n"}
,{"stream_name":"stdout","time":10.117260224,"data":"========================================================================================================================\n"}
,{"stream_name":"stdout","time":10.419947578,"data":"Field feature_10 has 9 distinct categories:\n"}
,{"stream_name":"stdout","time":10.419994156,"data":"{1, 2, 3, 4, 5, 6, 7, 10, 12}\n"}
,{"stream_name":"stdout","time":10.420000833,"data":"========================================================================================================================\n"}
,{"stream_name":"stdout","time":10.836573851,"data":"Field feature_11 has 31 distinct categories:\n"}
,{"stream_name":"stdout","time":10.836608749,"data":"{388, 261, 9, 522, 11, 13, 16, 150, 534, 24, 25, 410, 539, 158, 159, 34, 40, 297, 171, 48, 50, 59, 62, 63, 66, 195, 76, 336, 214, 230, 376}\n"}
,{"stream_name":"stdout","time":10.836614536,"data":"========================================================================================================================\n"}
,{"stream_name":"stdout","time":11.006288128,"data":"Field symbol_id has 39 distinct categories:\n"}
,{"stream_name":"stdout","time":11.006328671,"data":"{0, 1, 2, 3, 4, 5, 6, 7, 8, 9, 10, 11, 12, 13, 14, 15, 16, 17, 18, 19, 20, 21, 22, 23, 24, 25, 26, 27, 28, 29, 30, 31, 32, 33, 34, 35, 36, 37, 38}\n"}
,{"stream_name":"stdout","time":11.006334113,"data":"========================================================================================================================\n"}
,{"stream_name":"stdout","time":11.072372118,"data":"Total number of features = 138\n"}
,{"stream_name":"stdout","time":11.072400356,"data":"Total number of symbols = 39\n"}
,{"stream_name":"stdout","time":93.097048903,"data":"feature_00 has 6.8% NULL entries\n"}
,{"stream_name":"stdout","time":93.09710573,"data":"feature_01 has 6.8% NULL entries\n"}
,{"stream_name":"stdout","time":93.097110864,"data":"feature_02 has 6.8% NULL entries\n"}
,{"stream_name":"stdout","time":93.097114575,"data":"feature_03 has 6.8% NULL entries\n"}
,{"stream_name":"stdout","time":93.097118059,"data":"feature_04 has 6.8% NULL entries\n"}
,{"stream_name":"stdout","time":93.097121492,"data":"feature_21 has 17.9% NULL entries\n"}
,{"stream_name":"stdout","time":93.097124957,"data":"feature_26 has 17.9% NULL entries\n"}
,{"stream_name":"stdout","time":93.097129158,"data":"feature_27 has 17.9% NULL entries\n"}
,{"stream_name":"stdout","time":93.09715019,"data":"feature_31 has 17.9% NULL entries\n"}
,{"stream_name":"stdout","time":93.097153257,"data":"feature_39 has 9.1% NULL entries\n"}
,{"stream_name":"stdout","time":93.097155888,"data":"feature_42 has 9.1% NULL entries\n"}
,{"stream_name":"stdout","time":93.09715838,"data":"feature_50 has 9.0% NULL entries\n"}
,{"stream_name":"stdout","time":93.097160855,"data":"feature_53 has 9.0% NULL entries\n"}
,{"stream_name":"stdout","time":94.72475606,"data":"Is `date_id` composed of sequential entries? True\n"}
,{"stream_name":"stdout","time":99.673940692,"data":"Expected number of features = 138\n"}
,{"stream_name":"stdout","time":99.673980382,"data":"Total number of symbols = 11\n"}
,{"stream_name":"stdout","time":99.673987509,"data":"Processed features shape = torch.Size([44, 138])\n"}
,{"stream_name":"stdout","time":99.673992564,"data":"Rolling_avg.shape = torch.Size([138])\n"}
,{"stream_name":"stdout","time":99.673997618,"data":"Rolling_std.shape = torch.Size([138])\n"}
,{"stream_name":"stdout","time":99.674002695,"data":"Rolling_min.shape = torch.Size([138])\n"}
,{"stream_name":"stdout","time":99.674007904,"data":"Rolling_max.shape = torch.Size([138])\n"}
,{"stream_name":"stdout","time":99.67401359,"data":"Rolling_cnt.shape = torch.Size([138])\n"}
,{"stream_name":"stdout","time":99.674018986,"data":"Any `NaN`? False\n"}
,{"stream_name":"stdout","time":99.674024176,"data":"Observed symbol shape = torch.Size([11])\n"}
,{"stream_name":"stdout","time":99.674029525,"data":"Observed symbol features shape = torch.Size([11, 138])\n"}
,{"stream_name":"stdout","time":99.674035034,"data":"How many unknown? 0\n"}
,{"stream_name":"stdout","time":99.750214136,"data":"Expected number of features = 138\n"}
,{"stream_name":"stdout","time":99.750247653,"data":"Total number of symbols = 11\n"}
,{"stream_name":"stdout","time":99.750253352,"data":"Processed features shape = torch.Size([44, 138])\n"}
,{"stream_name":"stdout","time":99.750258244,"data":"Rolling_avg.shape = torch.Size([138])\n"}
,{"stream_name":"stdout","time":99.750262952,"data":"Rolling_std.shape = torch.Size([138])\n"}
,{"stream_name":"stdout","time":99.750267622,"data":"Rolling_min.shape = torch.Size([138])\n"}
,{"stream_name":"stdout","time":99.750272584,"data":"Rolling_max.shape = torch.Size([138])\n"}
,{"stream_name":"stdout","time":99.750277355,"data":"Rolling_cnt.shape = torch.Size([138])\n"}
,{"stream_name":"stdout","time":99.750281962,"data":"Any `NaN`? False\n"}
,{"stream_name":"stdout","time":99.750286543,"data":"Observed symbol shape = torch.Size([11])\n"}
,{"stream_name":"stdout","time":99.750291124,"data":"Observed symbol features shape = torch.Size([11, 138])\n"}
,{"stream_name":"stdout","time":99.750296941,"data":"How many unknown? 11\n"}
,{"stream_name":"stdout","time":101.356125858,"data":"Total number of features from training data = 134\n"}
,{"stream_name":"stdout","time":101.35615601,"data":"Number of known symbols in training data = 39\n"}
,{"stream_name":"stderr","time":107.441851876,"data":"\r  0%|          | 0/100 [00:00\u003c?, ?it/s]\n"}
,{"stream_name":"stderr","time":237.427223262,"data":"\r  0%|          | 0/100 [00:00\u003c?, ?it/s]\r  1%|          | 1/100 [02:09\u003c3:34:27, 129.97s/it]\n"}
,{"stream_name":"stderr","time":363.061192136,"data":"\r  1%|          | 1/100 [02:09\u003c3:34:27, 129.97s/it]\r  2%|▏         | 2/100 [04:15\u003c3:28:07, 127.42s/it]\n"}
,{"stream_name":"stderr","time":486.924910504,"data":"\r  2%|▏         | 2/100 [04:15\u003c3:28:07, 127.42s/it]\r  3%|▎         | 3/100 [06:19\u003c3:23:22, 125.80s/it]\n"}
,{"stream_name":"stderr","time":622.604340829,"data":"\r  3%|▎         | 3/100 [06:19\u003c3:23:22, 125.80s/it]\r  4%|▍         | 4/100 [08:35\u003c3:27:30, 129.70s/it]\n"}
,{"stream_name":"stderr","time":748.509239551,"data":"\r  4%|▍         | 4/100 [08:35\u003c3:27:30, 129.70s/it]\r  5%|▌         | 5/100 [10:41\u003c3:23:11, 128.33s/it]\n"}
,{"stream_name":"stderr","time":877.848474959,"data":"\r  5%|▌         | 5/100 [10:41\u003c3:23:11, 128.33s/it]\r  6%|▌         | 6/100 [12:50\u003c3:21:35, 128.67s/it]\n"}
,{"stream_name":"stderr","time":1010.092883053,"data":"\r  6%|▌         | 6/100 [12:50\u003c3:21:35, 128.67s/it]\r  7%|▋         | 7/100 [15:02\u003c3:21:15, 129.84s/it]\n"}
,{"stream_name":"stderr","time":1135.211049565,"data":"\r  7%|▋         | 7/100 [15:02\u003c3:21:15, 129.84s/it]\r  8%|▊         | 8/100 [17:07\u003c3:16:46, 128.34s/it]\n"}
,{"stream_name":"stderr","time":1256.759372536,"data":"\r  8%|▊         | 8/100 [17:07\u003c3:16:46, 128.34s/it]\r  9%|▉         | 9/100 [19:09\u003c3:11:25, 126.21s/it]\n"}
,{"stream_name":"stderr","time":1376.845600166,"data":"\r  9%|▉         | 9/100 [19:09\u003c3:11:25, 126.21s/it]\r 10%|█         | 10/100 [21:09\u003c3:06:29, 124.32s/it]\n"}
,{"stream_name":"stderr","time":1489.096605143,"data":"\r 10%|█         | 10/100 [21:09\u003c3:06:29, 124.32s/it]\r 11%|█         | 11/100 [23:01\u003c2:58:55, 120.63s/it]\n"}
,{"stream_name":"stderr","time":1619.699474466,"data":"\r 11%|█         | 11/100 [23:01\u003c2:58:55, 120.63s/it]\r 12%|█▏        | 12/100 [25:12\u003c3:01:22, 123.66s/it]\n"}
,{"stream_name":"stderr","time":1751.890038151,"data":"\r 12%|█▏        | 12/100 [25:12\u003c3:01:22, 123.66s/it]\r 13%|█▎        | 13/100 [27:24\u003c3:03:03, 126.25s/it]\n"}
,{"stream_name":"stderr","time":1869.303590913,"data":"\r 13%|█▎        | 13/100 [27:24\u003c3:03:03, 126.25s/it]\r 14%|█▍        | 14/100 [29:21\u003c2:57:07, 123.58s/it]\n"}
,{"stream_name":"stderr","time":1990.425998903,"data":"\r 14%|█▍        | 14/100 [29:21\u003c2:57:07, 123.58s/it]\r 15%|█▌        | 15/100 [31:22\u003c2:54:01, 122.84s/it]\n"}
,{"stream_name":"stderr","time":2107.21595707,"data":"\r 15%|█▌        | 15/100 [31:22\u003c2:54:01, 122.84s/it]\r 16%|█▌        | 16/100 [33:19\u003c2:49:25, 121.02s/it]\n"}
,{"stream_name":"stderr","time":2234.893246431,"data":"\r 16%|█▌        | 16/100 [33:19\u003c2:49:25, 121.02s/it]\r 17%|█▋        | 17/100 [35:27\u003c2:50:10, 123.02s/it]\n"}
,{"stream_name":"stderr","time":2367.772107908,"data":"\r 17%|█▋        | 17/100 [35:27\u003c2:50:10, 123.02s/it]\r 18%|█▊        | 18/100 [37:40\u003c2:52:10, 125.98s/it]\n"}
,{"stream_name":"stderr","time":2494.938436136,"data":"\r 18%|█▊        | 18/100 [37:40\u003c2:52:10, 125.98s/it]\r 19%|█▉        | 19/100 [39:47\u003c2:50:33, 126.34s/it]\n"}
,{"stream_name":"stderr","time":2611.793370126,"data":"\r 19%|█▉        | 19/100 [39:47\u003c2:50:33, 126.34s/it]\r 20%|██        | 20/100 [41:44\u003c2:44:39, 123.49s/it]\n"}
,{"stream_name":"stderr","time":2735.034569492,"data":"\r 20%|██        | 20/100 [41:44\u003c2:44:39, 123.49s/it]\r 21%|██        | 21/100 [43:47\u003c2:42:29, 123.42s/it]\n"}
,{"stream_name":"stderr","time":2860.305489844,"data":"\r 21%|██        | 21/100 [43:47\u003c2:42:29, 123.42s/it]\r 22%|██▏       | 22/100 [45:52\u003c2:41:09, 123.97s/it]\n"}
,{"stream_name":"stderr","time":2987.051150635,"data":"\r 22%|██▏       | 22/100 [45:52\u003c2:41:09, 123.97s/it]\r 23%|██▎       | 23/100 [47:59\u003c2:40:10, 124.81s/it]\n"}
,{"stream_name":"stderr","time":3107.267677493,"data":"\r 23%|██▎       | 23/100 [47:59\u003c2:40:10, 124.81s/it]\r 24%|██▍       | 24/100 [49:59\u003c2:36:20, 123.43s/it]\n"}
,{"stream_name":"stderr","time":3229.657879792,"data":"\r 24%|██▍       | 24/100 [49:59\u003c2:36:20, 123.43s/it]\r 25%|██▌       | 25/100 [52:02\u003c2:33:53, 123.12s/it]\n"}
,{"stream_name":"stderr","time":3351.517318142,"data":"\r 25%|██▌       | 25/100 [52:02\u003c2:33:53, 123.12s/it]\r 26%|██▌       | 26/100 [54:04\u003c2:31:22, 122.74s/it]\n"}
,{"stream_name":"stderr","time":3478.613972806,"data":"\r 26%|██▌       | 26/100 [54:04\u003c2:31:22, 122.74s/it]\r 27%|██▋       | 27/100 [56:11\u003c2:30:55, 124.05s/it]\n"}
,{"stream_name":"stderr","time":3606.804018012,"data":"\r 27%|██▋       | 27/100 [56:11\u003c2:30:55, 124.05s/it]\r 28%|██▊       | 28/100 [58:19\u003c2:30:20, 125.29s/it]\n"}
,{"stream_name":"stderr","time":3727.181277373,"data":"\r 28%|██▊       | 28/100 [58:19\u003c2:30:20, 125.29s/it]\r 29%|██▉       | 29/100 [1:00:19\u003c2:26:30, 123.82s/it]\n"}
,{"stream_name":"stderr","time":3860.125543944,"data":"\r 29%|██▉       | 29/100 [1:00:19\u003c2:26:30, 123.82s/it]\r 30%|███       | 30/100 [1:02:32\u003c2:27:38, 126.55s/it]\n"}
,{"stream_name":"stderr","time":3986.328913224,"data":"\r 30%|███       | 30/100 [1:02:32\u003c2:27:38, 126.55s/it]\r 31%|███       | 31/100 [1:04:38\u003c2:25:25, 126.45s/it]\n"}
,{"stream_name":"stderr","time":4114.282677782,"data":"\r 31%|███       | 31/100 [1:04:38\u003c2:25:25, 126.45s/it]\r 32%|███▏      | 32/100 [1:06:46\u003c2:23:49, 126.90s/it]\n"}
,{"stream_name":"stderr","time":4241.144169332,"data":"\r 32%|███▏      | 32/100 [1:06:46\u003c2:23:49, 126.90s/it]\r 33%|███▎      | 33/100 [1:08:53\u003c2:21:41, 126.89s/it]\n"}
,{"stream_name":"stderr","time":4364.963081546,"data":"\r 33%|███▎      | 33/100 [1:08:53\u003c2:21:41, 126.89s/it]\r 34%|███▍      | 34/100 [1:10:57\u003c2:18:33, 125.97s/it]\n"}
,{"stream_name":"stderr","time":4490.928182716,"data":"\r 34%|███▍      | 34/100 [1:10:57\u003c2:18:33, 125.97s/it]\r 35%|███▌      | 35/100 [1:13:03\u003c2:16:27, 125.97s/it]\n"}
,{"stream_name":"stderr","time":4621.557935108,"data":"\r 35%|███▌      | 35/100 [1:13:03\u003c2:16:27, 125.97s/it]\r 36%|███▌      | 36/100 [1:15:14\u003c2:15:51, 127.37s/it]\n"}
,{"stream_name":"stderr","time":4744.706626101,"data":"\r 36%|███▌      | 36/100 [1:15:14\u003c2:15:51, 127.37s/it]\r 37%|███▋      | 37/100 [1:17:17\u003c2:12:24, 126.10s/it]\n"}
,{"stream_name":"stderr","time":4873.406591109,"data":"\r 37%|███▋      | 37/100 [1:17:17\u003c2:12:24, 126.10s/it]\r 38%|███▊      | 38/100 [1:19:25\u003c2:11:06, 126.88s/it]\n"}
,{"stream_name":"stderr","time":5001.026330358,"data":"\r 38%|███▊      | 38/100 [1:19:25\u003c2:11:06, 126.88s/it]\r 39%|███▉      | 39/100 [1:21:33\u003c2:09:13, 127.10s/it]\n"}
,{"stream_name":"stderr","time":5114.003002699,"data":"\r 39%|███▉      | 39/100 [1:21:33\u003c2:09:13, 127.10s/it]\r 40%|████      | 40/100 [1:23:26\u003c2:02:51, 122.86s/it]\n"}
,{"stream_name":"stderr","time":5232.808403447,"data":"\r 40%|████      | 40/100 [1:23:26\u003c2:02:51, 122.86s/it]\r 41%|████      | 41/100 [1:25:25\u003c1:59:37, 121.65s/it]\n"}
,{"stream_name":"stderr","time":5363.086408264,"data":"\r 41%|████      | 41/100 [1:25:25\u003c1:59:37, 121.65s/it]\r 42%|████▏     | 42/100 [1:27:35\u003c2:00:05, 124.24s/it]\n"}
,{"stream_name":"stderr","time":5478.911467568,"data":"\r 42%|████▏     | 42/100 [1:27:35\u003c2:00:05, 124.24s/it]\r 43%|████▎     | 43/100 [1:29:31\u003c1:55:37, 121.71s/it]\n"}
,{"stream_name":"stderr","time":5587.496098627,"data":"\r 43%|████▎     | 43/100 [1:29:31\u003c1:55:37, 121.71s/it]\r 44%|████▍     | 44/100 [1:31:20\u003c1:49:55, 117.77s/it]\n"}
,{"stream_name":"stderr","time":5715.203842971,"data":"\r 44%|████▍     | 44/100 [1:31:20\u003c1:49:55, 117.77s/it]\r 45%|████▌     | 45/100 [1:33:27\u003c1:50:41, 120.75s/it]\n"}
,{"stream_name":"stderr","time":5840.85930871,"data":"\r 45%|████▌     | 45/100 [1:33:27\u003c1:50:41, 120.75s/it]\r 46%|████▌     | 46/100 [1:35:33\u003c1:50:00, 122.23s/it]\n"}
,{"stream_name":"stderr","time":5969.016293117,"data":"\r 46%|████▌     | 46/100 [1:35:33\u003c1:50:00, 122.23s/it]\r 47%|████▋     | 47/100 [1:37:41\u003c1:49:32, 124.00s/it]\n"}
,{"stream_name":"stderr","time":6098.569880296,"data":"\r 47%|████▋     | 47/100 [1:37:41\u003c1:49:32, 124.00s/it]\r 48%|████▊     | 48/100 [1:39:51\u003c1:48:54, 125.67s/it]\n"}
,{"stream_name":"stderr","time":6217.233768824,"data":"\r 48%|████▊     | 48/100 [1:39:51\u003c1:48:54, 125.67s/it]\r 49%|████▉     | 49/100 [1:41:49\u003c1:45:01, 123.57s/it]\n"}
,{"stream_name":"stderr","time":6333.402574824,"data":"\r 49%|████▉     | 49/100 [1:41:49\u003c1:45:01, 123.57s/it]\r 50%|█████     | 50/100 [1:43:45\u003c1:41:07, 121.35s/it]\n"}
,{"stream_name":"stderr","time":6463.657633772,"data":"\r 50%|█████     | 50/100 [1:43:45\u003c1:41:07, 121.35s/it]\r 51%|█████     | 51/100 [1:45:56\u003c1:41:16, 124.02s/it]\n"}
,{"stream_name":"stderr","time":6582.447724803,"data":"\r 51%|█████     | 51/100 [1:45:56\u003c1:41:16, 124.02s/it]\r 52%|█████▏    | 52/100 [1:47:54\u003c1:37:57, 122.45s/it]\n"}
,{"stream_name":"stderr","time":6714.332536037,"data":"\r 52%|█████▏    | 52/100 [1:47:54\u003c1:37:57, 122.45s/it]\r 53%|█████▎    | 53/100 [1:50:06\u003c1:38:08, 125.28s/it]\n"}
,{"stream_name":"stderr","time":6844.805661724,"data":"\r 53%|█████▎    | 53/100 [1:50:06\u003c1:38:08, 125.28s/it]\r 54%|█████▍    | 54/100 [1:52:17\u003c1:37:14, 126.84s/it]\n"}
,{"stream_name":"stderr","time":6966.793975649,"data":"\r 54%|█████▍    | 54/100 [1:52:17\u003c1:37:14, 126.84s/it]\r 55%|█████▌    | 55/100 [1:54:19\u003c1:34:02, 125.38s/it]\n"}
,{"stream_name":"stderr","time":7093.769925938,"data":"\r 55%|█████▌    | 55/100 [1:54:19\u003c1:34:02, 125.38s/it]\r 56%|█████▌    | 56/100 [1:56:26\u003c1:32:17, 125.86s/it]\n"}
,{"stream_name":"stderr","time":7212.947575857,"data":"\r 56%|█████▌    | 56/100 [1:56:26\u003c1:32:17, 125.86s/it]\r 57%|█████▋    | 57/100 [1:58:25\u003c1:28:45, 123.86s/it]\n"}
,{"stream_name":"stderr","time":7334.851413736,"data":"\r 57%|█████▋    | 57/100 [1:58:25\u003c1:28:45, 123.86s/it]\r 58%|█████▊    | 58/100 [2:00:27\u003c1:26:17, 123.27s/it]\n"}
,{"stream_name":"stderr","time":7447.291134608,"data":"\r 58%|█████▊    | 58/100 [2:00:27\u003c1:26:17, 123.27s/it]\r 59%|█████▉    | 59/100 [2:02:19\u003c1:22:00, 120.02s/it]\n"}
,{"stream_name":"stderr","time":7561.724961552,"data":"\r 59%|█████▉    | 59/100 [2:02:19\u003c1:22:00, 120.02s/it]\r 60%|██████    | 60/100 [2:04:14\u003c1:18:53, 118.35s/it]\n"}
,{"stream_name":"stderr","time":7673.484819314,"data":"\r 60%|██████    | 60/100 [2:04:14\u003c1:18:53, 118.35s/it]\r 61%|██████    | 61/100 [2:06:06\u003c1:15:38, 116.37s/it]\n"}
,{"stream_name":"stderr","time":7792.202418918,"data":"\r 61%|██████    | 61/100 [2:06:06\u003c1:15:38, 116.37s/it]\r 62%|██████▏   | 62/100 [2:08:04\u003c1:14:08, 117.07s/it]\n"}
,{"stream_name":"stderr","time":7915.584658872,"data":"\r 62%|██████▏   | 62/100 [2:08:04\u003c1:14:08, 117.07s/it]\r 63%|██████▎   | 63/100 [2:10:08\u003c1:13:21, 118.97s/it]\n"}
,{"stream_name":"stderr","time":8032.948717553,"data":"\r 63%|██████▎   | 63/100 [2:10:08\u003c1:13:21, 118.97s/it]\r 64%|██████▍   | 64/100 [2:12:05\u003c1:11:05, 118.49s/it]\n"}
,{"stream_name":"stderr","time":8154.124923651,"data":"\r 64%|██████▍   | 64/100 [2:12:05\u003c1:11:05, 118.49s/it]\r 65%|██████▌   | 65/100 [2:14:06\u003c1:09:35, 119.29s/it]\n"}
,{"stream_name":"stderr","time":8283.097722178,"data":"\r 65%|██████▌   | 65/100 [2:14:06\u003c1:09:35, 119.29s/it]\r 66%|██████▌   | 66/100 [2:16:15\u003c1:09:14, 122.20s/it]\n"}
,{"stream_name":"stderr","time":8413.092993465,"data":"\r 66%|██████▌   | 66/100 [2:16:15\u003c1:09:14, 122.20s/it]\r 67%|██████▋   | 67/100 [2:18:25\u003c1:08:29, 124.54s/it]\n"}
,{"stream_name":"stderr","time":8535.375400442,"data":"\r 67%|██████▋   | 67/100 [2:18:25\u003c1:08:29, 124.54s/it]\r 68%|██████▊   | 68/100 [2:20:27\u003c1:06:03, 123.86s/it]\n"}
,{"stream_name":"stderr","time":8654.491211747,"data":"\r 68%|██████▊   | 68/100 [2:20:27\u003c1:06:03, 123.86s/it]\r 69%|██████▉   | 69/100 [2:22:27\u003c1:03:15, 122.44s/it]\n"}
,{"stream_name":"stderr","time":8787.840935312,"data":"\r 69%|██████▉   | 69/100 [2:22:27\u003c1:03:15, 122.44s/it]\r 70%|███████   | 70/100 [2:24:40\u003c1:02:51, 125.71s/it]\n"}
,{"stream_name":"stderr","time":8909.159747462,"data":"\r 70%|███████   | 70/100 [2:24:40\u003c1:02:51, 125.71s/it]\r 71%|███████   | 71/100 [2:26:41\u003c1:00:07, 124.39s/it]\n"}
,{"stream_name":"stderr","time":9035.16105398,"data":"\r 71%|███████   | 71/100 [2:26:41\u003c1:00:07, 124.39s/it]\r 72%|███████▏  | 72/100 [2:28:47\u003c58:16, 124.87s/it]  \n"}
,{"stream_name":"stderr","time":9161.668938296,"data":"\r 72%|███████▏  | 72/100 [2:28:47\u003c58:16, 124.87s/it]  \r 73%|███████▎  | 73/100 [2:30:54\u003c56:24, 125.37s/it]\n"}
,{"stream_name":"stderr","time":9279.21945071,"data":"\r 73%|███████▎  | 73/100 [2:30:54\u003c56:24, 125.37s/it]\r 74%|███████▍  | 74/100 [2:32:51\u003c53:18, 123.02s/it]\n"}
,{"stream_name":"stderr","time":9407.196380887,"data":"\r 74%|███████▍  | 74/100 [2:32:51\u003c53:18, 123.02s/it]\r 75%|███████▌  | 75/100 [2:34:59\u003c51:52, 124.51s/it]\n"}
,{"stream_name":"stderr","time":9529.655480307,"data":"\r 75%|███████▌  | 75/100 [2:34:59\u003c51:52, 124.51s/it]\r 76%|███████▌  | 76/100 [2:37:02\u003c49:33, 123.89s/it]\n"}
,{"stream_name":"stderr","time":9656.947953194,"data":"\r 76%|███████▌  | 76/100 [2:37:02\u003c49:33, 123.89s/it]\r 77%|███████▋  | 77/100 [2:39:09\u003c47:53, 124.91s/it]\n"}
,{"stream_name":"stderr","time":9772.685980753,"data":"\r 77%|███████▋  | 77/100 [2:39:09\u003c47:53, 124.91s/it]\r 78%|███████▊  | 78/100 [2:41:05\u003c44:47, 122.16s/it]\n"}
,{"stream_name":"stderr","time":9900.55727935,"data":"\r 78%|███████▊  | 78/100 [2:41:05\u003c44:47, 122.16s/it]\r 79%|███████▉  | 79/100 [2:43:13\u003c43:21, 123.87s/it]\n"}
,{"stream_name":"stderr","time":10022.391975442,"data":"\r 79%|███████▉  | 79/100 [2:43:13\u003c43:21, 123.87s/it]\r 80%|████████  | 80/100 [2:45:14\u003c41:05, 123.26s/it]\n"}
,{"stream_name":"stderr","time":10141.300745117,"data":"\r 80%|████████  | 80/100 [2:45:14\u003c41:05, 123.26s/it]\r 81%|████████  | 81/100 [2:47:13\u003c38:37, 121.96s/it]\n"}
,{"stream_name":"stderr","time":10269.849106441,"data":"\r 81%|████████  | 81/100 [2:47:13\u003c38:37, 121.96s/it]\r 82%|████████▏ | 82/100 [2:49:22\u003c37:10, 123.93s/it]\n"}
,{"stream_name":"stderr","time":10396.997264742,"data":"\r 82%|████████▏ | 82/100 [2:49:22\u003c37:10, 123.93s/it]\r 83%|████████▎ | 83/100 [2:51:29\u003c35:23, 124.90s/it]\n"}
,{"stream_name":"stderr","time":10526.951874202,"data":"\r 83%|████████▎ | 83/100 [2:51:29\u003c35:23, 124.90s/it]\r 84%|████████▍ | 84/100 [2:53:39\u003c33:42, 126.41s/it]\n"}
,{"stream_name":"stderr","time":10651.123889448,"data":"\r 84%|████████▍ | 84/100 [2:53:39\u003c33:42, 126.41s/it]\r 85%|████████▌ | 85/100 [2:55:43\u003c31:26, 125.74s/it]\n"}
,{"stream_name":"stderr","time":10772.073875726,"data":"\r 85%|████████▌ | 85/100 [2:55:43\u003c31:26, 125.74s/it]\r 86%|████████▌ | 86/100 [2:57:44\u003c29:00, 124.30s/it]\n"}
,{"stream_name":"stderr","time":10896.860305395,"data":"\r 86%|████████▌ | 86/100 [2:57:44\u003c29:00, 124.30s/it]\r 87%|████████▋ | 87/100 [2:59:49\u003c26:57, 124.45s/it]\n"}
,{"stream_name":"stderr","time":11022.936737875,"data":"\r 87%|████████▋ | 87/100 [2:59:49\u003c26:57, 124.45s/it]\r 88%|████████▊ | 88/100 [3:01:55\u003c24:59, 124.94s/it]\n"}
,{"stream_name":"stderr","time":11147.573107715,"data":"\r 88%|████████▊ | 88/100 [3:01:55\u003c24:59, 124.94s/it]\r 89%|████████▉ | 89/100 [3:04:00\u003c22:53, 124.85s/it]\n"}
,{"stream_name":"stderr","time":11266.343712317,"data":"\r 89%|████████▉ | 89/100 [3:04:00\u003c22:53, 124.85s/it]\r 90%|█████████ | 90/100 [3:05:58\u003c20:30, 123.02s/it]\n"}
,{"stream_name":"stderr","time":11402.032962873,"data":"\r 90%|█████████ | 90/100 [3:05:58\u003c20:30, 123.02s/it]\r 91%|█████████ | 91/100 [3:08:14\u003c19:01, 126.82s/it]\n"}
,{"stream_name":"stderr","time":11528.537428571,"data":"\r 91%|█████████ | 91/100 [3:08:14\u003c19:01, 126.82s/it]\r 92%|█████████▏| 92/100 [3:10:21\u003c16:53, 126.73s/it]\n"}
,{"stream_name":"stderr","time":11668.650267152,"data":"\r 92%|█████████▏| 92/100 [3:10:21\u003c16:53, 126.73s/it]\r 93%|█████████▎| 93/100 [3:12:41\u003c15:15, 130.74s/it]\n"}
,{"stream_name":"stderr","time":11785.323120548,"data":"\r 93%|█████████▎| 93/100 [3:12:41\u003c15:15, 130.74s/it]\r 94%|█████████▍| 94/100 [3:14:37\u003c12:39, 126.52s/it]\n"}
,{"stream_name":"stderr","time":11913.782422739,"data":"\r 94%|█████████▍| 94/100 [3:14:37\u003c12:39, 126.52s/it]\r 95%|█████████▌| 95/100 [3:16:46\u003c10:35, 127.10s/it]\n"}
,{"stream_name":"stderr","time":12046.973428803,"data":"\r 95%|█████████▌| 95/100 [3:16:46\u003c10:35, 127.10s/it]\r 96%|█████████▌| 96/100 [3:18:59\u003c08:35, 128.93s/it]\n"}
,{"stream_name":"stderr","time":12173.600009056,"data":"\r 96%|█████████▌| 96/100 [3:18:59\u003c08:35, 128.93s/it]\r 97%|█████████▋| 97/100 [3:21:06\u003c06:24, 128.24s/it]\n"}
,{"stream_name":"stderr","time":12299.712893958,"data":"\r 97%|█████████▋| 97/100 [3:21:06\u003c06:24, 128.24s/it]\r 98%|█████████▊| 98/100 [3:23:12\u003c04:15, 127.60s/it]\n"}
,{"stream_name":"stderr","time":12425.214854969,"data":"\r 98%|█████████▊| 98/100 [3:23:12\u003c04:15, 127.60s/it]\r 99%|█████████▉| 99/100 [3:25:17\u003c02:06, 126.97s/it]\n"}
,{"stream_name":"stderr","time":12546.702902847,"data":"\r 99%|█████████▉| 99/100 [3:25:17\u003c02:06, 126.97s/it]\r100%|██████████| 100/100 [3:27:19\u003c00:00, 125.33s/it]\n"}
,{"stream_name":"stderr","time":12546.703855837,"data":"\r100%|██████████| 100/100 [3:27:19\u003c00:00, 125.33s/it]\r100%|██████████| 100/100 [3:27:19\u003c00:00, 124.39s/it]\n"}
,{"stream_name":"stderr","time":12546.705094519,"data":"\r100%|██████████| 100/100 [3:27:19\u003c00:00, 124.39s/it]\n"}
,{"stream_name":"stderr","time":12546.705113663,"data":"\n"}
,{"stream_name":"stderr","time":12546.705118358,"data":"\n"}
,{"stream_name":"stderr","time":12553.276572882,"data":"/usr/local/lib/python3.12/dist-packages/mistune.py:435: SyntaxWarning: invalid escape sequence '\\|'\n"}
,{"stream_name":"stderr","time":12553.276619711,"data":"  cells[i][c] = re.sub('\\\\\\\\\\|', '|', cell)\n"}
,{"stream_name":"stderr","time":12553.444714101,"data":"/usr/local/lib/python3.12/dist-packages/nbconvert/filters/filter_links.py:36: SyntaxWarning: invalid escape sequence '\\_'\n"}
,{"stream_name":"stderr","time":12553.444761046,"data":"  text = re.sub(r'_', '\\_', text) # Escape underscores in display text\n"}
,{"stream_name":"stderr","time":12554.142502545,"data":"[NbConvertApp] Converting notebook __notebook__.ipynb to notebook\n"}
,{"stream_name":"stderr","time":12554.519611864,"data":"[NbConvertApp] Writing 94893 bytes to __notebook__.ipynb\n"}
,{"stream_name":"stderr","time":12557.152742338,"data":"[NbConvertApp] Converting notebook __notebook__.ipynb to html\n"}
,{"stream_name":"stderr","time":12558.223329341,"data":"[NbConvertApp] Writing 464079 bytes to __results__.html\n"}
]